---
# Source: manuela-tst-all/templates/line-dashboard/line-dashboard-configmap.config.yaml
apiVersion: v1
kind: ConfigMap
metadata:
  name: line-dashboard-configmap
  namespace: manuela-tst-all
  labels:
    app.kubernetes.io/instance: manuela-tst-all
data: 
  "config.json": |-
    {
      "websocketHost": "http://messaging-manuela-tst-all.region.example.com",
      "websocketPath": "/api/service-web/socket",
      "SERVER_TIMEOUT": "20000"
    }
---
# Source: manuela-tst-all/templates/machine-sensor/machine-sensor-1-configmap.yaml
apiVersion: v1
kind: ConfigMap
metadata:
  name: machine-sensor-1
data:
  #MQTT_HOSTNAME: "broker-amq-mqtt-all-0-svc-rte-manuela-tst-all.region.example.com
  #broker-amq-mqtt-all-0-svc-rte-manuela-tst-all
  #MQTT_HOSTNAME: "broker-amq-mqtt-all-0-svc"
  #MQTT_HOSTNAME: "broker-amq-mqtt-all-0-svc.manuela-tst-all.svc"
    #MQTT_PORT: "80"
    #MQTT_PORT: "61616"


  APP_NAME: "iot-sensor"
  DEVICE_ID: "pump-1"
  DEVICE_METRICS: "temperature,vibration,gps,light"
  MACHINE_ID: "floor-1-line-1-extruder-1"

  MQTT_HOSTNAME: "broker-amq-mqtt-all-0-svc"
  MQTT_PASSWORD: "iotuser"
  MQTT_PORT: "61616"
  MQTT_TLSSNI: "false"
  MQTT_USER: "iotuser"

  SENSOR_GPS_ENABLED: "false"
  SENSOR_GPS_FINAL_LATITUDE: "40.689879"
  SENSOR_GPS_FINAL_LONGITUDE: "-73.992895"
  SENSOR_GPS_FREQUENCY: "5"
  SENSOR_GPS_INITIAL_LATITUDE: "42.579258"
  SENSOR_GPS_INITIAL_LONGITUDE: "-71.437841"
  SENSOR_GPS_ITERATION_LATITUDE: "-0.009"
  SENSOR_GPS_ITERATION_LONGITUDE: "-0.012"

  SENSOR_LIGHT_ENABLED: "false"
  SENSOR_LIGHT_FREQUENCY: "5"
  SENSOR_LIGHT_MAXITERATION: "3"
  SENSOR_LIGHT_MAXRANGE: "25000"
  SENSOR_LIGHT_MINITERATION: "0"
  SENSOR_LIGHT_MINRANGE: "0"
  SENSOR_LIGHT_START: "0"

  SENSOR_TEMPERATURE_ENABLED: "false"
  SENSOR_TEMPERATURE_FREQUENCY: "5"
  SENSOR_TEMPERATURE_MAXITERATION: "1"
  SENSOR_TEMPERATURE_MAXRANGE: "55"
  SENSOR_TEMPERATURE_MINITERATION: "0"
  SENSOR_TEMPERATURE_MINRANGE: "45"
  SENSOR_TEMPERATURE_STARTMAX: "50"
  SENSOR_TEMPERATURE_STARTMIN: "50"
  
  SENSOR_VIBRATION_ENABLED: "true"
  SENSOR_VIBRATION_FREQUENC: "5"
  SENSOR_VIBRATION_MAXITERATION: "1"
  SENSOR_VIBRATION_MAXRANGE: "18"
  SENSOR_VIBRATION_MINITERATION: "0"
  SENSOR_VIBRATION_MINRANGE: "10"
  SENSOR_VIBRATION_START: "15"
  SENSOR_VIBRATION_PEAKINTETVAL: "20"
---
# Source: manuela-tst-all/templates/machine-sensor/machine-sensor-2-configmap.yaml
apiVersion: v1
kind: ConfigMap
metadata:
  name: machine-sensor-2
data:
  APP_NAME: "iot-sensor"
  DEVICE_ID: "pump-2"
  DEVICE_METRICS: "temperature,vibration,gps,light"
  MACHINE_ID: "floor-1-line-1-extruder-1"
  
  MQTT_HOSTNAME: "broker-amq-mqtt-all-0-svc"
  MQTT_PASSWORD: "iotuser"
  MQTT_PORT: "61616"
  MQTT_TLSSNI: "false"
  MQTT_USER: "iotuser"

  SENSOR_GPS_ENABLED: "true"
  SENSOR_GPS_FINAL_LATITUDE: "40.689879"
  SENSOR_GPS_FINAL_LONGITUDE: "-73.992895"
  SENSOR_GPS_FREQUENCY: "5"
  SENSOR_GPS_INITIAL_LATITUDE: "42.579258"
  SENSOR_GPS_INITIAL_LONGITUDE: "-71.437841"
  SENSOR_GPS_ITERATION_LATITUDE: "-0.009"
  SENSOR_GPS_ITERATION_LONGITUDE: "-0.012"

  SENSOR_LIGHT_ENABLED: "true"
  SENSOR_LIGHT_FREQUENCY: "5"
  SENSOR_LIGHT_MAXITERATION: "3"
  SENSOR_LIGHT_MAXRANGE: "25000"
  SENSOR_LIGHT_MINITERATION: "0"
  SENSOR_LIGHT_MINRANGE: "0"
  SENSOR_LIGHT_START: "0"

  SENSOR_TEMPERATURE_ENABLED: "false"
  SENSOR_TEMPERATURE_FREQUENCY: "5"
  SENSOR_TEMPERATURE_MAXITERATION: "1"
  SENSOR_TEMPERATURE_MAXRANGE: "55"
  SENSOR_TEMPERATURE_MINITERATION: "0"
  SENSOR_TEMPERATURE_MINRANGE: "45"
  SENSOR_TEMPERATURE_STARTMAX: "50"
  SENSOR_TEMPERATURE_STARTMIN: "50"

  SENSOR_VIBRATION_ENABLED: "true"
  SENSOR_VIBRATION_FREQUENC: "5"
  SENSOR_VIBRATION_MAXITERATION: "1"
  SENSOR_VIBRATION_MAXRANGE: "17"
  SENSOR_VIBRATION_MINITERATION: "0"
  SENSOR_VIBRATION_MINRANGE: "10"
  SENSOR_VIBRATION_START: "12"
  SENSOR_VIBRATION_PEAKINTETVAL: "200"
---
# Source: manuela-tst-all/templates/messaging-kafka/mqtt2kafka-config.yaml
kind: ConfigMap
apiVersion: v1
metadata:
  name: mqtt2kafka-config
  namespace: manuela-tst-all
# DO NOT DELETE. NEEDED BY THE mqtt2kafka-integration SERVICE
---
# Source: manuela-tst-all/templates/messaging/messaging-configmap.yaml
apiVersion: v1
kind: ConfigMap
metadata:
  name: messaging-configmap
data:
  VIBRATION_ALERT_ENABLED: "true"
  VIBRATION_ANOMALY_ENABLED: "true"
  NODE_TLS_REJECT_UNAUTHORIZED: "0"
  MQTT_BROKER: "ws://broker-amq-mqtt-all-0-svc:61616"
  MQTT_PASSWORD: "iotuser"
  MQTT_USER: "iotuser"
  PORT: "3000"
  SOCKET_PATH: "/api/service-web/socket"
  TEMPERATURE_THRESHOLD: "70.0"
  TEMPERATURE_ALERT_ENABLED: "true"
  VIBRATION_ALERT_ENABLED: "true"
  TOPIC_GPS: "iot-sensor/sw/gps"
  TOPIC_TEMPERATURE: "iot-sensor/sw/temperature"
  TOPIC_VIBRATION: "iot-sensor/sw/vibration"
  TOPIC_LIGHT: "iot-sensor/sw/light"
  VIBRATION_ANOMALY_ENABLED: "true"
  ANOMALY_DETECTION_URL: "http://anomaly-detection-predictor:8000"
---
# Source: manuela-tst-all/templates/line-dashboard/line-dashboard-svc.yaml
apiVersion: v1
kind: Service
metadata:
  labels:
    app: line-dashboard
  name: line-dashboard
spec:
  ports:
  - name: 8080-tcp
    port: 8080
    protocol: TCP
    targetPort: 8080
  selector:
    app: line-dashboard
    deploymentconfig: line-dashboard
  sessionAffinity: None
  type: ClusterIP
---
# Source: manuela-tst-all/templates/messaging/messaging-svc.yaml
apiVersion: v1
kind: Service
metadata:
  labels:
    app: messaging
  name: messaging
spec:
  ports:
  - name: 3000-tcp
    port: 3000
    protocol: TCP
    targetPort: 3000
  selector:
    app: messaging
    deploymentconfig: messaging
  sessionAffinity: None
  type: ClusterIP
---
# Source: manuela-tst-all/templates/line-dashboard/line-dashboard-deployment.yaml
apiVersion: apps/v1
kind: Deployment
metadata:
  labels:
    application: line-dashboard
    template: openjdk18-web-basic-s2i
    app.kubernetes.io/part-of: ManuELA
  name: line-dashboard
spec:
  replicas: 1
  revisionHistoryLimit: 10
  selector:
    matchLabels:
      deploymentconfig: line-dashboard
  template:
    metadata:
      creationTimestamp: null
      labels:
        app: line-dashboard
        deploymentconfig: line-dashboard
      name: line-dashboard
    spec:
      containers:
      - name: line-dashboard
        image: line-dashboard:0.3.1-81
        #imagePullPolicy: Always
        ports:
        - containerPort: 8080
          name: http
          protocol: TCP
        volumeMounts:
        # the following mountpath is used for images which are based on the HTTPD base images, i.e. built using the CI/CD pipelines
        - mountPath: /var/www/html/conf/
          name: line-dashboard-configmap-vol
        # the following mountpath is used for images based directly on the NodeJS builder image, i.e. when deploying images built in the iotdemo namespace during quickstart
        - mountPath: /opt/app-root/output/conf
          name: line-dashboard-configmap-vol
          #subPath: config.json
        resources: {}
        terminationMessagePath: /dev/termination-log
        terminationMessagePolicy: File
        livenessProbe: 
          httpGet:   
            path: /home
            port: 8080
            scheme: HTTP
          initialDelaySeconds: 15  
          timeoutSeconds: 1
          periodSeconds: 10
          successThreshold: 1
          failureThreshold: 3
        readinessProbe:
          httpGet:
            path: /home
            port: 8080
            scheme: HTTP
          initialDelaySeconds: 15
          timeoutSeconds: 1
          periodSeconds: 10
          successThreshold: 1
          failureThreshold: 3
      volumes:
      - name: line-dashboard-configmap-vol
        configMap:
          defaultMode: 438
          name: line-dashboard-configmap
---
# Source: manuela-tst-all/templates/machine-sensor/machine-sensor-1-deployment.yaml
apiVersion: apps/v1
kind: Deployment
metadata:
  labels:
    application: machine-sensor-1
    template: openjdk18-web-basic-s2i
    app.kubernetes.io/part-of: ManuELA
  name: machine-sensor-1
  namespace: manuela-tst-all
spec:
  replicas: 1
  revisionHistoryLimit: 10
  selector:
    matchLabels:
      deploymentConfig: machine-sensor-1
  template:
    metadata:
      creationTimestamp: null
      annotations:
        checksum/config: 15987d399e4c018385099c79b66090441ed6fd8faab59c7829e60d5e6fb02738
      labels:
        application: machine-sensor-1
        deploymentConfig: machine-sensor-1
      name: machine-sensor-1
    spec:
      containers:
      - name: machine-sensor
        image: machine-sensor:latest
        #imagePullPolicy: Always
        ports:
          - containerPort: 8778
            name: jolokia
            protocol: TCP
          - containerPort: 8080
            name: http
            protocol: TCP
          - containerPort: 8443
            name: https
            protocol: TCP
        envFrom:
          - configMapRef: 
              name: machine-sensor-1
        resources: {}
        terminationMessagePath: /dev/termination-log
        terminationMessagePolicy: File
        livenessProbe: 
          httpGet:   
            path: /actuator/health
            port: 8080
          initialDelaySeconds: 15  
          timeoutSeconds: 1
          periodSeconds: 10
          successThreshold: 1
          failureThreshold: 3
        readinessProbe:
          httpGet:
            path: /actuator/health
            port: 8080
            scheme: HTTP
          initialDelaySeconds: 15
          timeoutSeconds: 1
          periodSeconds: 10
          successThreshold: 1
          failureThreshold: 3
---
# Source: manuela-tst-all/templates/machine-sensor/machine-sensor-2-deployment.yaml
apiVersion: apps/v1
kind: Deployment
metadata:
  labels:
    application: machine-sensor-2
    template: openjdk18-web-basic-s2i
    app.kubernetes.io/part-of: ManuELA
  name: machine-sensor-2
  namespace: manuela-tst-all
spec:
  replicas: 1
  revisionHistoryLimit: 10
  selector:
    matchLabels:
      deploymentConfig: machine-sensor-2
  template:
    metadata:
      creationTimestamp: null
      annotations:
        checksum/config: 989bea097c033d0f4670c87af059f31ae5bb8eb08c5262950b5de4cb0a471e16 
      labels:
        application: machine-sensor-2
        deploymentConfig: machine-sensor-2
      name: machine-sensor-2
    spec:
      containers:
      - name: machine-sensor
        image: machine-sensor:latest
        #imagePullPolicy: Always
        ports:
          - containerPort: 8778
            name: jolokia
            protocol: TCP
          - containerPort: 8080
            name: http
            protocol: TCP
          - containerPort: 8443
            name: https
            protocol: TCP
        envFrom:
          - configMapRef: 
              name: machine-sensor-2
        resources: {}
        terminationMessagePath: /dev/termination-log
        terminationMessagePolicy: File
        livenessProbe: 
          httpGet:   
            path: /actuator/health
            port: 8080
          initialDelaySeconds: 15  
          timeoutSeconds: 1
          periodSeconds: 10
          successThreshold: 1
          failureThreshold: 3
        readinessProbe:
          httpGet:
            path: /actuator/health
            port: 8080
            scheme: HTTP
          initialDelaySeconds: 15
          timeoutSeconds: 1
          periodSeconds: 10
          successThreshold: 1
          failureThreshold: 3
---
# Source: manuela-tst-all/templates/messaging/messaging-deployment.yaml
apiVersion: apps/v1
kind: Deployment
metadata:
  labels:
    application: messaging
  name: messaging
spec:
  replicas: 1
  revisionHistoryLimit: 10
  selector:
    matchLabels:
      app: messaging
  strategy:
    type: RollingUpdate
  template:
    metadata:
      labels:
        app: messaging
        deploymentconfig: messaging
    spec:
      containers:
      - image: messaging
        #imagePullPolicy: Always
        name: messaging
        ports:
        - containerPort: 3000
          protocol: TCP
        envFrom:
        - configMapRef:
            name: messaging-configmap
        resources: {}
        terminationMessagePath: /dev/termination-log
        terminationMessagePolicy: File
        livenessProbe: 
          httpGet:   
            path: /health
            port: 3000
          initialDelaySeconds: 15  
          timeoutSeconds: 1
          periodSeconds: 10
          successThreshold: 1
          failureThreshold: 3
        readinessProbe:
          httpGet:
            path: /health
            port: 3000
            scheme: HTTP
          initialDelaySeconds: 15
          timeoutSeconds: 1
          periodSeconds: 10
          successThreshold: 1
          failureThreshold: 3  
      dnsPolicy: ClusterFirst
      restartPolicy: Always
      schedulerName: default-scheduler
      securityContext: {}
      terminationGracePeriodSeconds: 30
---
# Source: manuela-tst-all/templates/messaging/amq-broker.yaml
apiVersion: broker.amq.io/v2alpha4
kind: ActiveMQArtemis
metadata:
  name: broker-amq-mqtt
  namespace: manuela-tst-all
  annotations:
    argocd.argoproj.io/sync-options: SkipDryRunOnMissingResource=true
spec:
  deploymentPlan:
    size: 1
    image: registry.redhat.io/amq7/amq-broker:7.6
    # requireLogin: false
    # persistenceEnabled: false
    journalType: nio
    messageMigration: false
  console:
    expose: true
  acceptors:
    - name: all
      port: 61616
      expose: true
    # - name: amqp
    #   protocols: amqp
    #   port: 5672
    #   sslEnabled: true
    #   enabledCipherSuites: SSL_RSA_WITH_RC4_128_SHA,SSL_DH_anon_WITH_3DES_EDE_CBC_SHA
    #   enabledProtocols: TLSv1,TLSv1.1,TLSv1.2
    #   needClientAuth: true
    #   wantClientAuth: true
    #   verifyHost: true
    #   sslProvider: JDK
    #   sniHost: localhost
    #   expose: true
    #   anycastPrefix: jms.topic.
    #   multicastPrefix: /queue/
    # - name: mqtt
    #   protocols: mqtt
    #   port: 1883
    #   # sslEnabled: true
    #   enabledCipherSuites: SSL_RSA_WITH_RC4_128_SHA,SSL_DH_anon_WITH_3DES_EDE_CBC_SHA
    #   enabledProtocols: TLSv1,TLSv1.1,TLSv1.2
    #   needClientAuth: true
    #   wantClientAuth: true
    #   verifyHost: true
    #   sslProvider: JDK
    #   sniHost: broker-amq-mqtt
    #   expose: true
    #   anycastPrefix: jms.topic.
    #   multicastPrefix: /queue/
---
# Source: manuela-tst-all/templates/anomaly-detection/anomaly-detection-is.yaml
apiVersion: image.openshift.io/v1
kind: ImageStream
metadata:
  labels:
    application: anomaly-detection
  name: anomaly-detection
spec:
  lookupPolicy:
    local: false
  tags:
  - name: 0.3.2
    from:
      kind: DockerImage
      name: quay.io/hybridcloudpatterns/iot-anomaly-detection:0.3.2
    importPolicy: {}
    referencePolicy:
      type: Local
---
# Source: manuela-tst-all/templates/line-dashboard/line-dashboard-is.yaml
apiVersion: image.openshift.io/v1
kind: ImageStream
metadata:
  name: line-dashboard
  namespace: manuela-tst-all
spec:
  lookupPolicy:
    local: true
  tags:
  - name: 0.3.1
    from:
      kind: DockerImage
      name: quay.io/hybridcloudpatterns/iot-frontend:0.3.1
    importPolicy: {}
    referencePolicy:
      type: Local
---
# Source: manuela-tst-all/templates/machine-sensor/machine-sensor-is.yaml
apiVersion: image.openshift.io/v1
kind: ImageStream
metadata:
  name: machine-sensor
  namespace: manuela-tst-all
spec:
  lookupPolicy:
    local: true
  tags:
  - name: 0.3.1
    from:
      kind: DockerImage
      name: quay.io/hybridcloudpatterns/iot-software-sensor:0.3.1
    importPolicy: {}
    referencePolicy:
      type: Local
---
# Source: manuela-tst-all/templates/messaging/messaging-is.yaml
apiVersion: image.openshift.io/v1
kind: ImageStream
metadata:
  name: messaging
spec:
  tags:
  - name: 0.3.2
    from:
      kind: DockerImage
      name: quay.io/hybridcloudpatterns/iot-consumer:0.3.2
    importPolicy: {}
    referencePolicy:
      type: Local
---
# Source: manuela-tst-all/templates/messaging-kafka/mqtt2kafka-integration.yaml
apiVersion: camel.apache.org/v1
kind: Integration
metadata:
  name: mqtt2kafka-integration
  annotations:
    argocd.argoproj.io/sync-options: SkipDryRunOnMissingResource=true 
spec:
  configuration:
    - type: configmap
      value: mqtt2kafka-config
  profile: OpenShift
  sources:
    - content: |
        package com.redhat.manuela.routes;

        import org.apache.camel.builder.RouteBuilder;
        import org.apache.camel.component.kafka.KafkaConstants;
        import org.apache.camel.model.OnCompletionDefinition;
        import org.slf4j.Logger;
        import org.slf4j.LoggerFactory;


        public class MQTT2KafkaRoute extends RouteBuilder {
            
            private static final Logger LOGGER = LoggerFactory.getLogger(MQTT2KafkaRoute.class);
            
            @Override
            public void configure() throws Exception {
                storeTemperatureInKafka();
                storeVibrationInKafka();
                // readTemperatureFromKafka();
                // readVibrationFromKafka();
            }

            private void storeTemperatureInKafka() {
                from("paho:iot-sensor/sw/temperature?brokerUrl=tcp://broker-amq-mqtt-all-0-svc:61616&clientId=MQTT2KafkaRoute-temp")
                    .log("Reading message form MQTT: ${body}")
                    // .setHeader(KafkaConstants.KEY, constant("sensor-temp"))
                    .to("kafka:iot-sensor-sw-temperature?brokers=manuela-kafka-cluster-kafka-bootstrap:9092")
                    ;//.log("sent message: ${headers[org.apache.kafka.clients.producer.RecordMetadata]}");
            }

            private void storeVibrationInKafka() {
                from("paho:iot-sensor/sw/vibration?brokerUrl=tcp://broker-amq-mqtt-all-0-svc:61616&clientId=MQTT2KafkaRoute-vibr")
                    .log("Reading message form MQTT: ${body}")
                    // .setHeader(KafkaConstants.KEY, constant("sensor-temp"))
                    .to("kafka:iot-sensor-sw-vibration?brokers=manuela-kafka-cluster-kafka-bootstrap:9092")
                    ;//.log("sent message: ${headers[org.apache.kafka.clients.producer.RecordMetadata]}");
            }

            private void readTemperatureFromKafka() {
                from("kafka:iot-sensor-sw-temperature?brokers=manuela-kafka-cluster-kafka-bootstrap:9092")
                    .log("Reading message from Kafka: ${body}")
                    .log("    on the topic ${headers[kafka.TOPIC]}")
                    .log("    on the partition ${headers[kafka.PARTITION]}")
                    .log("    with the offset ${headers[kafka.OFFSET]}")
                    .log("    with the key ${headers[kafka.KEY]}");
            }

            private void readVibrationFromKafka() {
                from("kafka:iot-sensor-sw-vibration?brokers=manuela-kafka-cluster-kafka-bootstrap:9092")
                    .log("Reading message from Kafka: ${body}")
                    .log("    on the topic ${headers[kafka.TOPIC]}")
                    .log("    on the partition ${headers[kafka.PARTITION]}")
                    .log("    with the offset ${headers[kafka.OFFSET]}")
                    .log("    with the key ${headers[kafka.KEY]}");
            }

            @Override
            public OnCompletionDefinition onCompletion() {
                return super.onCompletion();
            }
        }
      name: MQTT2KafkaRoute.java
---
# Source: manuela-tst-all/templates/messaging-kafka/camel-k-integration-platform.yaml
apiVersion: camel.apache.org/v1
kind: IntegrationPlatform
metadata:
  name: camel-k
  labels:
    app: "camel-k"
  annotations:
    argocd.argoproj.io/sync-options: SkipDryRunOnMissingResource=true 
spec:
  configuration:
  - type: repository
    value: https://maven.repository.redhat.com/earlyaccess/all@id=redhat.ea
---
# Source: manuela-tst-all/templates/messaging-kafka/kafka-cluster.yaml
apiVersion: kafka.strimzi.io/v1beta2
kind: Kafka
metadata:
  name: manuela-kafka-cluster
  annotations:
    argocd.argoproj.io/sync-options: SkipDryRunOnMissingResource=true 
spec:
  kafka:
    version: 3.0.0
    replicas: 3
    listeners:
      - name: plain
        port: 9092
        type: internal
        tls: false
        configuration:
          useServiceDnsDomain: true
      - name: tls
        port: 9093
        type: internal
        tls: true
        authentication:
          type: tls
    config:
      log.message.format.version: '3.0'
      offsets.topic.replication.factor: 3
      transaction.state.log.min.isr: 2
      transaction.state.log.replication.factor: 3
    storage:
      type: ephemeral
  zookeeper:
    replicas: 3
    storage:
      type: ephemeral  
  entityOperator:
    topicOperator: {}
    userOperator: {}
---
# Source: manuela-tst-all/templates/messaging-kafka/kafka-topic-temperature.yaml
apiVersion: kafka.strimzi.io/v1beta1
kind: KafkaTopic
metadata:
  name: iot-sensor-sw-temperature
  labels:
    strimzi.io/cluster: manuela-kafka-cluster
  annotations:
    argocd.argoproj.io/sync-options: SkipDryRunOnMissingResource=true 
spec:
  partitions: 1
  replicas: 1
  config:
    retention.ms: 7200000
    segment.bytes: 1073741824
---
# Source: manuela-tst-all/templates/messaging-kafka/kafka-topic-vibration.yaml
apiVersion: kafka.strimzi.io/v1beta1
kind: KafkaTopic
metadata:
  name: iot-sensor-sw-vibration
  labels:
    strimzi.io/cluster: manuela-kafka-cluster
  annotations:
    argocd.argoproj.io/sync-options: SkipDryRunOnMissingResource=true 
spec:
  partitions: 1
  replicas: 1
  config:
    retention.ms: 7200000
    segment.bytes: 1073741824
---
# Source: manuela-tst-all/templates/anomaly-detection/iot-anomaly-detection-route.yaml
apiVersion: route.openshift.io/v1
kind: Route
metadata:
  name: anomaly-detection
  labels:
    component: serving
spec:
  port:
    targetPort: http
  to:
    kind: Service
    name: anomaly-detection-predictor-anomaly-detection
  tls:
    insecureEdgeTerminationPolicy: Allow
    termination: edge
---
# Source: manuela-tst-all/templates/line-dashboard/line-dashboard-route.yaml
apiVersion: route.openshift.io/v1
kind: Route
metadata:
  labels:
    app: line-dashboard
  name: line-dashboard
spec:
  port:
    targetPort: 8080-tcp
  to:
    kind: Service
    name: line-dashboard
    weight: 100
  wildcardPolicy: None
---
# Source: manuela-tst-all/templates/messaging/messaging-route.yaml
apiVersion: route.openshift.io/v1
kind: Route
metadata:
  labels:
    app: messaging
  name: messaging
spec:
  port:
    targetPort: 3000-tcp
  to:
    kind: Service
    name: messaging
    weight: 100
  wildcardPolicy: None
---
# Source: manuela-tst-all/templates/anomaly-detection/iot-anomaly-detection-seldon.yaml
apiVersion: machinelearning.seldon.io/v1
kind: SeldonDeployment
metadata:
  name: anomaly-detection
  labels:
    component: serving
  annotations:
    alpha.image.policy.openshift.io/resolve-names: "*"
    argocd.argoproj.io/sync-options: SkipDryRunOnMissingResource=true
spec:
  annotations:
    deployment_version: "1"
  name: anomaly-detection
  predictors:
  - annotations:
        predictor_version: "0.1"
    componentSpecs:
    - spec:
        containers:
          - name: anomaly-detection
            image: anomaly-detection:0.3.2-42
            env:
            - name: MODEL_FIILE
              value: "model.joblib"
    graph:
      endpoint:
        type: REST
      name: anomaly-detection
      type: MODEL
    name: predictor
    replicas: 1
---
# Source: manuela-tst-all/templates/anomaly-detection/seldon-subscription.yaml
apiVersion: operators.coreos.com/v1alpha1
kind: Subscription
metadata:
  name: seldon-operator
  namespace: manuela-tst-all
spec:
  channel: stable
  installPlanApproval: 
  name: seldon-operator
  source: community-operators
  sourceNamespace: openshift-marketplace
  startingCSV: seldon-operator.v1.12.0
